[dotenv@17.2.3] injecting env (23) from .env -- tip: ⚙️  override existing env vars with { override: true }
isK8s: false
!!process.env.KUBERNETES_SERVICE_HOST: false
/pod|deploy|stateful|sts/i.test(os.hostname()): false
process.env.NODE_ENV: development
[dotenv@17.2.3] injecting env (0) from .env -- tip: ⚙️  write to custom object with { processEnv: myObject }
🌍 NODE_ENV: development  (ENV helper: development)
📦 DB → localhost:32006 / reportdb
✅ Server running on 0.0.0.0:3001 (development)
📥 로그인 시도: ang001 IP: 127.0.0.1
✅ 로그인 성공: ang001 → 세션 저장됨
/api/approval - nextUser: { user_name: '김개욱', email: 'wisebsi@naver.com' }
/api/approval - to: wisebsi@naver.com
📧 Mail sent: {
  subject: '결재 진행 요청 - 청구지출결의서 (요청자: 배석인)',
  to: [ 'wisebsi@naver.com' ],
  messageId: '<74da9f13-42d0-7345-5243-6deb08f36055@gmail.com>'
}
/api/approval - nextUser: { user_name: '김개욱', email: 'wisebsi@naver.com' }
/api/approval - to: wisebsi@naver.com
📧 Mail sent: {
  subject: '결재 진행 요청 - 가불지출결의서 (요청자: 배석인)',
  to: [ 'wisebsi@naver.com' ],
  messageId: '<4b75520f-eb56-671e-8688-0680eb4a7acd@gmail.com>'
}
📥 로그인 시도: mus002 IP: 127.0.0.1
✅ 로그인 성공: mus002 → 세션 저장됨
📧 Mail sent: {
  subject: '결재 진행 요청 - 가불지출결의서 (요청자: 배석인)',
  to: [ 'baeseokin@kakao.com' ],
  messageId: '<9d4ef453-595f-5ca7-38f3-1bb81c7d3d2c@gmail.com>'
}
📧 [handoff] #28 → baeseokin@kakao.com
📧 Mail sent: {
  subject: '결재 진행 요청 - 청구지출결의서 (요청자: 배석인)',
  to: [ 'baeseokin@kakao.com' ],
  messageId: '<3adc732f-e2b0-b5d7-6228-4060289ec769@gmail.com>'
}
📧 [handoff] #27 → baeseokin@kakao.com
📥 로그인 시도: mus003 IP: 127.0.0.1
✅ 로그인 성공: mus003 → 세션 저장됨
📧 Mail sent: {
  subject: '최종 승인 완료 - 가불지출결의서 (요청일자: 2025-12-24)',
  to: [ 'baeseokin@gmail.com' ],
  messageId: '<4a92bb83-c2fb-0096-b2ff-de452cae8649@gmail.com>'
}
📧 [completed] #28 → baeseokin@gmail.com
📧 Mail sent: {
  subject: '결재 요청 반려 - 청구지출결의서 (요청일자: 2025-12-24)',
  to: [ 'baeseokin@gmail.com' ],
  messageId: '<2e302568-e845-bc2a-173e-6415058ab727@gmail.com>'
}
📧 [completed] #27 → baeseokin@gmail.com
📥 로그인 시도: fin001 IP: 127.0.0.1
❌ 로그인 실패: 비밀번호 불일치 fin001
📥 로그인 시도: fin001 IP: 127.0.0.1
✅ 로그인 성공: fin001 → 세션 저장됨
📥 로그인 시도: fin002 IP: 127.0.0.1
❌ 로그인 실패: 비밀번호 불일치 fin002
📥 로그인 시도: fin002 IP: 127.0.0.1
✅ 로그인 성공: fin002 → 세션 저장됨
📥 로그인 시도: mus002 IP: 127.0.0.1
✅ 로그인 성공: mus002 → 세션 저장됨
📥 로그인 시도: fin001 IP: 127.0.0.1
✅ 로그인 성공: fin001 → 세션 저장됨
📥 로그인 시도: you001 IP: 127.0.0.1
✅ 로그인 성공: you001 → 세션 저장됨
📥 로그인 시도: admin IP: 127.0.0.1
✅ 로그인 성공: admin → 세션 저장됨
/api/approval - nextUser: { user_name: '청년부장', email: 'baeseokin@gmail.com' }
/api/approval - to: baeseokin@gmail.com
📧 Mail sent: {
  subject: '결재 진행 요청 - 청구지출결의서 (요청자: 청년부회계)',
  to: [ 'baeseokin@gmail.com' ],
  messageId: '<760ad05f-b695-24c8-bf2f-6f41e55ae9e9@gmail.com>'
}
/api/approval - nextUser: { user_name: '청년부장', email: 'baeseokin@gmail.com' }
/api/approval - to: baeseokin@gmail.com
📧 Mail sent: {
  subject: '결재 진행 요청 - 청구지출결의서 (요청자: 청년부회계)',
  to: [ 'baeseokin@gmail.com' ],
  messageId: '<c94c94ad-7dd8-7646-ddfd-656793efa784@gmail.com>'
}
📥 로그인 시도: you002 IP: 127.0.0.1
✅ 로그인 성공: you002 → 세션 저장됨
📧 Mail sent: {
  subject: '결재 진행 요청 - 청구지출결의서 (요청자: 청년부회계)',
  to: [ 'baeseokin@gmail.com' ],
  messageId: '<d015dce5-69c4-aa94-1efe-b6b7d98774b4@gmail.com>'
}
📧 [handoff] #30 → baeseokin@gmail.com
📧 Mail sent: {
  subject: '결재 요청 반려 - 청구지출결의서 (요청일자: 2025-12-24)',
  to: [ 'baeseokin@gmail.com' ],
  messageId: '<1d354004-27ee-c4f7-cd42-e7f0a15dc40d@gmail.com>'
}
📧 [completed] #29 → baeseokin@gmail.com
📥 로그인 시도: tea003 IP: 127.0.0.1
✅ 로그인 성공: tea003 → 세션 저장됨
📥 로그인 시도: tea001 IP: 127.0.0.1
✅ 로그인 성공: tea001 → 세션 저장됨
📥 로그인 시도: tea002 IP: 127.0.0.1
✅ 로그인 성공: tea002 → 세션 저장됨
📥 로그인 시도: tea003 IP: 127.0.0.1
✅ 로그인 성공: tea003 → 세션 저장됨
📧 Mail sent: {
  subject: '최종 승인 완료 - 청구지출결의서 (요청일자: 2025-12-24)',
  to: [ 'baeseokin@gmail.com' ],
  messageId: '<28d4b7a1-da53-44d8-af8c-518aec4b3ca3@gmail.com>'
}
📧 [completed] #30 → baeseokin@gmail.com
📥 로그인 시도: fin001 IP: 127.0.0.1
✅ 로그인 성공: fin001 → 세션 저장됨
📥 로그인 시도: admin IP: 127.0.0.1
✅ 로그인 성공: admin → 세션 저장됨
📥 로그인 시도: emm002 IP: 127.0.0.1
✅ 로그인 성공: emm002 → 세션 저장됨
/api/approval - nextUser: { user_name: '김개욱', email: 'wisebsi@naver.com' }
/api/approval - to: wisebsi@naver.com
📧 Mail sent: {
  subject: '결재 진행 요청 - 청구지출결의서 (요청자: 임마누엘대장)',
  to: [ 'wisebsi@naver.com' ],
  messageId: '<ff69d5bc-2ae4-7f14-6395-76b0629c0b22@gmail.com>'
}
📥 로그인 시도: mus002 IP: 127.0.0.1
✅ 로그인 성공: mus002 → 세션 저장됨
📧 Mail sent: {
  subject: '결재 진행 요청 - 청구지출결의서 (요청자: 임마누엘대장)',
  to: [ 'baeseokin@kakao.com' ],
  messageId: '<92c261d4-48f7-27d9-77b5-70217b0e6e5e@gmail.com>'
}
📧 [handoff] #31 → baeseokin@kakao.com
📥 로그인 시도: mus003 IP: 127.0.0.1
✅ 로그인 성공: mus003 → 세션 저장됨
📧 Mail sent: {
  subject: '최종 승인 완료 - 청구지출결의서 (요청일자: 2025-12-24)',
  to: [ 'baeseokin@gmail.com' ],
  messageId: '<4d67ca0d-e8f4-7dff-2da0-ad392079be4f@gmail.com>'
}
📧 [completed] #31 → baeseokin@gmail.com
📥 로그인 시도: fin001 IP: 127.0.0.1
✅ 로그인 성공: fin001 → 세션 저장됨
